id,Date,AveragePrice,TotalVolume,4046,4225,4770,TotalBags,SmallBags,LargeBags,XLargeBags,type,year,region
0,2015-12-27,1,64236,1036,54454,48,8696,8603,93,0,conventional,2015,Utica
4,2015-11-29,1,51039,941,43838,75,6183,5986,197,0,conventional,2015,Utica
6,2015-11-15,0,83453,1368,73672,93,8318,8196,122,0,conventional,2015,Utica
13,2015-09-27,0,106803,1204,99409,154,6034,5888,145,0,conventional,2015,Utica
14,2015-09-20,1,69759,1028,59313,150,9267,8489,778,0,conventional,2015,Utica
15,2015-09-13,1,76111,985,65696,142,9286,8665,621,0,conventional,2015,Utica
18,2015-08-23,1,79992,733,67933,444,10880,10745,134,0,conventional,2015,Utica
