id,Date,AveragePrice,TotalVolume,4046,4225,4770,TotalBags,SmallBags,LargeBags,XLargeBags,type,year,region
2,2015-12-13,0,118220,794,109149,130,8145,8042,103,0,conventional,2015,Albany
7,2015-11-08,0,109428,703,101815,80,6829,6266,562,0,conventional,2015,Albany
8,2015-11-01,1,99811,1022,87315,85,11388,11104,283,0,conventional,2015,Albany
13,2015-09-27,0,106803,1204,99409,154,6034,5888,145,0,conventional,2015,Albany
16,2015-09-06,1,99172,879,90062,240,7990,7762,227,0,conventional,2015,Albany
17,2015-08-30,1,105693,689,94362,335,10306,10218,87,0,conventional,2015,Albany
