id,Date,AveragePrice,TotalVolume,4046,4225,4770,TotalBags,SmallBags,LargeBags,XLargeBags,type,year,region
